// Jest Snapshot v1, https://goo.gl/fbAQLP

exports[`AuthPopUp should render with Auth component 1`] = `
Object {
  "asFragment": [Function],
  "baseElement": <body
    style="padding-right: 0px; overflow: hidden;"
  >
    <div
      aria-hidden="true"
    >
      <div />
    </div>
    <div
      class="MuiDialog-root"
      role="presentation"
      style="position: fixed; z-index: 1300; right: 0px; bottom: 0px; top: 0px; left: 0px;"
    >
      <div
        aria-hidden="true"
        class="MuiBackdrop-root"
        style="opacity: 1; webkit-transition: opacity 225ms cubic-bezier(0.4, 0, 0.2, 1) 0ms; transition: opacity 225ms cubic-bezier(0.4, 0, 0.2, 1) 0ms;"
      />
      <div
        data-test="sentinelStart"
        tabindex="0"
      />
      <div
        class="MuiDialog-container MuiDialog-scrollPaper"
        role="none presentation"
        style="opacity: 1; webkit-transition: opacity 225ms cubic-bezier(0.4, 0, 0.2, 1) 0ms; transition: opacity 225ms cubic-bezier(0.4, 0, 0.2, 1) 0ms;"
        tabindex="-1"
      >
        <div
          class="MuiPaper-root MuiDialog-paper MuiDialog-paperScrollPaper MuiDialog-paperWidthSm MuiPaper-elevation24 MuiPaper-rounded"
          role="dialog"
        >
          <div
            class="makeStyles-root-1"
          >
            <header
              class="MuiPaper-root MuiAppBar-root MuiAppBar-positionStatic MuiAppBar-colorDefault MuiPaper-elevation4"
            >
              <div
                aria-label="scrollable auto tabs example"
                class="MuiTabs-root"
              >
                <div
                  class="MuiTabs-scrollable"
                  style="width: 99px; height: 99px; position: absolute; top: -9999px; overflow: scroll;"
                />
                <div
                  class="MuiTabs-scroller MuiTabs-scrollable"
                  style="margin-bottom: 0px;"
                >
                  <div
                    class="MuiTabs-flexContainer"
                    role="tablist"
                  >
                    <button
                      aria-controls="scrollable-auto-tabpanel-0"
                      aria-selected="true"
                      class="MuiButtonBase-root MuiTab-root MuiTab-textColorPrimary Mui-selected"
                      id="scrollable-auto-tab-0"
                      role="tab"
                      tabindex="0"
                      type="button"
                    >
                      <span
                        class="MuiTab-wrapper"
                      >
                        SIGN IN
                      </span>
                      <span
                        class="MuiTouchRipple-root"
                      />
                    </button>
                    <button
                      aria-controls="scrollable-auto-tabpanel-1"
                      aria-selected="false"
                      class="MuiButtonBase-root MuiTab-root MuiTab-textColorPrimary"
                      id="scrollable-auto-tab-1"
                      role="tab"
                      tabindex="0"
                      type="button"
                    >
                      <span
                        class="MuiTab-wrapper"
                      >
                        SIGN UP
                      </span>
                      <span
                        class="MuiTouchRipple-root"
                      />
                    </button>
                  </div>
                  <span
                    class="PrivateTabIndicator-root-80 PrivateTabIndicator-colorPrimary-81 MuiTabs-indicator"
                    style="left: 0px; width: 0px;"
                  />
                </div>
              </div>
            </header>
            <div
              aria-labelledby="scrollable-auto-tab-0"
              class="MuiTypography-root MuiTypography-body1"
              id="scrollable-auto-tabpanel-0"
              role="tabpanel"
            >
              <div
                class="MuiBox-root MuiBox-root-115"
              >
                <form
                  class="sc-bxivhb kUFzYx"
                >
                  <div
                    class="sc-bdVaJa dBgsZc"
                  >
                    <div>
                      <div
                        class="MuiFormControl-root MuiTextField-root"
                      >
                        <label
                          class="MuiFormLabel-root MuiInputLabel-root MuiInputLabel-formControl MuiInputLabel-animated MuiInputLabel-outlined"
                          data-shrink="false"
                          for="EmailSignin"
                          id="EmailSignin-label"
                        >
                          Email
                        </label>
                        <div
                          class="MuiInputBase-root MuiOutlinedInput-root MuiInputBase-formControl"
                        >
                          <input
                            aria-invalid="false"
                            class="MuiInputBase-input MuiOutlinedInput-input"
                            id="EmailSignin"
                            name="email"
                            type="email"
                            value=""
                          />
                          <fieldset
                            aria-hidden="true"
                            class="PrivateNotchedOutline-root-176 MuiOutlinedInput-notchedOutline"
                            style="padding-left: 8px;"
                          >
                            <legend
                              class="PrivateNotchedOutline-legend-177"
                              style="width: 0.01px;"
                            >
                              <span>
                                ​
                              </span>
                            </legend>
                          </fieldset>
                        </div>
                      </div>
                    </div>
                  </div>
                  <div
                    class="sc-bdVaJa dBgsZc"
                  >
                    <div>
                      <div
                        class="MuiFormControl-root MuiTextField-root"
                      >
                        <label
                          class="MuiFormLabel-root MuiInputLabel-root MuiInputLabel-formControl MuiInputLabel-animated MuiInputLabel-outlined"
                          data-shrink="false"
                          for="PasswordSignin"
                          id="PasswordSignin-label"
                        >
                          Password
                        </label>
                        <div
                          class="MuiInputBase-root MuiOutlinedInput-root MuiInputBase-formControl"
                        >
                          <input
                            aria-invalid="false"
                            class="MuiInputBase-input MuiOutlinedInput-input"
                            id="PasswordSignin"
                            name="password"
                            type="password"
                            value=""
                          />
                          <fieldset
                            aria-hidden="true"
                            class="PrivateNotchedOutline-root-176 MuiOutlinedInput-notchedOutline"
                            style="padding-left: 8px;"
                          >
                            <legend
                              class="PrivateNotchedOutline-legend-177"
                              style="width: 0.01px;"
                            >
                              <span>
                                ​
                              </span>
                            </legend>
                          </fieldset>
                        </div>
                      </div>
                    </div>
                  </div>
                  <button
                    class="MuiButtonBase-root MuiButton-root MuiButton-contained submit MuiButton-containedPrimary"
                    tabindex="0"
                    type="submit"
                  >
                    <span
                      class="MuiButton-label"
                    >
                      SignIn
                    </span>
                    <span
                      class="MuiTouchRipple-root"
                    />
                  </button>
                </form>
              </div>
            </div>
            <div
              aria-labelledby="scrollable-auto-tab-1"
              class="MuiTypography-root MuiTypography-body1"
              hidden=""
              id="scrollable-auto-tabpanel-1"
              role="tabpanel"
            />
          </div>
          <i
            class="sc-ifAKCX kKXnou fas fa-times"
          />
          <button
            class="signOut"
          >
            Sign out
          </button>
        </div>
      </div>
      <div
        data-test="sentinelEnd"
        tabindex="0"
      />
    </div>
  </body>,
  "container": <div
    aria-hidden="true"
  >
    <div />
  </div>,
  "debug": [Function],
  "findAllByAltText": [Function],
  "findAllByDisplayValue": [Function],
  "findAllByLabelText": [Function],
  "findAllByPlaceholderText": [Function],
  "findAllByRole": [Function],
  "findAllByTestId": [Function],
  "findAllByText": [Function],
  "findAllByTitle": [Function],
  "findByAltText": [Function],
  "findByDisplayValue": [Function],
  "findByLabelText": [Function],
  "findByPlaceholderText": [Function],
  "findByRole": [Function],
  "findByTestId": [Function],
  "findByText": [Function],
  "findByTitle": [Function],
  "getAllByAltText": [Function],
  "getAllByDisplayValue": [Function],
  "getAllByLabelText": [Function],
  "getAllByPlaceholderText": [Function],
  "getAllByRole": [Function],
  "getAllByTestId": [Function],
  "getAllByText": [Function],
  "getAllByTitle": [Function],
  "getByAltText": [Function],
  "getByDisplayValue": [Function],
  "getByLabelText": [Function],
  "getByPlaceholderText": [Function],
  "getByRole": [Function],
  "getByTestId": [Function],
  "getByText": [Function],
  "getByTitle": [Function],
  "queryAllByAltText": [Function],
  "queryAllByDisplayValue": [Function],
  "queryAllByLabelText": [Function],
  "queryAllByPlaceholderText": [Function],
  "queryAllByRole": [Function],
  "queryAllByTestId": [Function],
  "queryAllByText": [Function],
  "queryAllByTitle": [Function],
  "queryByAltText": [Function],
  "queryByDisplayValue": [Function],
  "queryByLabelText": [Function],
  "queryByPlaceholderText": [Function],
  "queryByRole": [Function],
  "queryByTestId": [Function],
  "queryByText": [Function],
  "queryByTitle": [Function],
  "rerender": [Function],
  "unmount": [Function],
}
`;
